[debug] [2026-10-06T15:41:47.746Z] ----------------------------------------------------------------------
[debug] [2026-10-06T15:41:47.791Z] Command:       /usr/local/bin/node /usr/local/bin/firebase emulators:start --only firestore,auth --project demo-no-project
[debug] [2026-10-06T15:41:47.791Z] CLI Version:   15.31.0
[debug] [2026-10-06T15:41:47.791Z] Platform:      linux
[debug] [2026-10-06T15:41:47.792Z] Node Version:  v22.23.3
[debug] [2026-10-06T15:41:47.792Z] Detected Agent: unknown
[debug] [2026-10-06T15:41:47.792Z] Time:          Tue Oct 06 2026 15:41:47 GMT+0000 (Coordinated Universal Time)
[debug] [2026-10-06T15:41:47.793Z] ----------------------------------------------------------------------
[debug] 
[debug] [2026-10-06T15:41:47.831Z] >>> [apiv2][query] GET https://firebase-public.firebaseio.com/cli.json [none]
[debug] [2026-10-06T15:41:51.972Z] openjdk version "21.0.12.1" 2026-08-18 LTS

[debug] [2026-10-06T15:41:51.973Z] OpenJDK Runtime Environment Temurin-21.0.12.1+1 (build 21.0.12.1+1-LTS)
OpenJDK 64-Bit Server VM Temurin-21.0.12.1+1 (build 21.0.12.1+1-LTS, mixed mode, sharing)

[debug] [2026-10-06T15:41:51.978Z] Parsed Java major version: 21
[info] i  emulators: Starting emulators: auth, firestore {"metadata":{"emulator":{"name":"hub"},"message":"Starting emulators: auth, firestore"}}
[info] i  emulators: Detected demo project ID "demo-no-project", emulated services will use a demo configuration and attempts to access non-emulated services for this project will fail. {"metadata":{"emulator":{"name":"hub"},"message":"Detected demo project ID \"demo-no-project\", emulated services will use a demo configuration and attempts to access non-emulated services for this project will fail."}}
[debug] [2026-10-06T15:41:51.988Z] [logging] Logging Emulator only supports listening on one address (127.0.0.1). Not listening on ::1
[debug] [2026-10-06T15:41:51.988Z] [auth] Authentication Emulator only supports listening on one address (127.0.0.1). Not listening on ::1
[debug] [2026-10-06T15:41:51.988Z] [firestore] Firestore Emulator only supports listening on one address (127.0.0.1). Not listening on ::1
[debug] [2026-10-06T15:41:51.989Z] [firestore.websocket] websocket server for firestore only supports listening on one address (127.0.0.1). Not listening on ::1
[debug] [2026-10-06T15:41:51.989Z] assigned listening specs for emulators {"user":{"hub":[{"address":"127.0.0.1","family":"IPv4","port":4400},{"address":"::1","family":"IPv6","port":4400}],"ui":[{"address":"127.0.0.1","family":"IPv4","port":4000},{"address":"::1","family":"IPv6","port":4000}],"logging":[{"address":"127.0.0.1","family":"IPv4","port":4500}],"auth":[{"address":"127.0.0.1","family":"IPv4","port":9099}],"firestore":[{"address":"127.0.0.1","family":"IPv4","port":8085}],"firestore.websocket":[{"address":"127.0.0.1","family":"IPv4","port":9150}]},"metadata":{"message":"assigned listening specs for emulators"}}
[debug] [2026-10-06T15:41:51.994Z] Write emulator hub locator at /tmp/hub-demo-no-project.json
[debug] [2026-10-06T15:41:52.003Z] Ignoring unsupported arg: auto_download {"metadata":{"emulator":{"name":"firestore"},"message":"Ignoring unsupported arg: auto_download"}}
[debug] [2026-10-06T15:41:52.004Z] Ignoring unsupported arg: single_project_mode_error {"metadata":{"emulator":{"name":"firestore"},"message":"Ignoring unsupported arg: single_project_mode_error"}}
[debug] [2026-10-06T15:41:52.004Z] Starting Firestore Emulator with command {"binary":"java","args":["-Dgoogle.cloud_firestore.debug_log_level=FINE","-Duser.language=en","-jar","/opt/firebase-emulators/cloud-firestore-emulator-v1.22.0.jar","--host","127.0.0.1","--port",8085,"--websocket_port",9150,"--database-edition","standard","--project_id","demo-no-project","--rules","/app/applet/firestore.rules","--single_project_mode",true],"optionalArgs":["port","webchannel_port","host","rules","websocket_port","database-edition","functions_emulator","seed_from_export","project_id","single_project_mode"],"joinArgs":false,"shell":false,"port":8085} {"metadata":{"emulator":{"name":"firestore"},"message":"Starting Firestore Emulator with command {\"binary\":\"java\",\"args\":[\"-Dgoogle.cloud_firestore.debug_log_level=FINE\",\"-Duser.language=en\",\"-jar\",\"/opt/firebase-emulators/cloud-firestore-emulator-v1.22.0.jar\",\"--host\",\"127.0.0.1\",\"--port\",8085,\"--websocket_port\",9150,\"--database-edition\",\"standard\",\"--project_id\",\"demo-no-project\",\"--rules\",\"/app/applet/firestore.rules\",\"--single_project_mode\",true],\"optionalArgs\":[\"port\",\"webchannel_port\",\"host\",\"rules\",\"websocket_port\",\"database-edition\",\"functions_emulator\",\"seed_from_export\",\"project_id\",\"single_project_mode\"],\"joinArgs\":false,\"shell\":false,\"port\":8085}"}}
[info] i  firestore: Firestore Emulator logging to firestore-debug.log {"metadata":{"emulator":{"name":"firestore"},"message":"Firestore Emulator logging to firestore-debug.log"}}
[debug] [2026-10-06T15:41:52.159Z] <<< [apiv2][status] GET https://firebase-public.firebaseio.com/cli.json 200
[debug] [2026-10-06T15:41:52.160Z] <<< [apiv2][body] GET https://firebase-public.firebaseio.com/cli.json {"cloudBuildErrorAfter":1594252800000,"cloudBuildWarnAfter":1590019200000,"defaultNode10After":1594252800000,"minVersion":"3.0.5","node8DeploysDisabledAfter":1613390400000,"node8RuntimeDisabledAfter":1615809600000,"node8WarnAfter":1600128000000}
[debug] [2026-10-06T15:41:54.823Z] Oct 06, 2026 3:41:54 PM com.google.cloud.datastore.emulator.firestore.websocket.WebSocketServer start
INFO: Started WebSocket server on ws://127.0.0.1:9150
 {"metadata":{"emulator":{"name":"firestore"},"message":"Oct 06, 2026 3:41:54 PM com.google.cloud.datastore.emulator.firestore.websocket.WebSocketServer start\nINFO: Started WebSocket server on ws://127.0.0.1:9150\n"}}
[debug] [2026-10-06T15:41:54.876Z] 
API endpoint: http:// {"metadata":{"emulator":{"name":"firestore"},"message":"\nAPI endpoint: http://"}}
[debug] [2026-10-06T15:41:54.877Z] 127.0.0.1:8085
Database Edition: STANDARD
Database Mode: CLOUD_FIRESTORE

If you are using a library that supports the FIRESTORE_EMULATOR_HOST environment variable, run:

   export FIRESTORE_EMULATOR_HOST=127.0.0.1:8085

If you are running a Firestore in Datastore Mode project, run:

   export DATASTORE_EMULATOR_HOST= {"metadata":{"emulator":{"name":"firestore"},"message":"127.0.0.1:8085\nDatabase Edition: STANDARD\nDatabase Mode: CLOUD_FIRESTORE\n\nIf you are using a library that supports the FIRESTORE_EMULATOR_HOST environment variable, run:\n\n   export FIRESTORE_EMULATOR_HOST=127.0.0.1:8085\n\nIf you are running a Firestore in Datastore Mode project, run:\n\n   export DATASTORE_EMULATOR_HOST="}}
[debug] [2026-10-06T15:41:54.877Z] 127.0.0.1:8085

Note: Support for Datastore Mode is in preview. If you encounter any bugs please file at https://github.com/firebase/firebase-tools/issues.
Dev App Server is now running.

 {"metadata":{"emulator":{"name":"firestore"},"message":"127.0.0.1:8085\n\nNote: Support for Datastore Mode is in preview. If you encounter any bugs please file at https://github.com/firebase/firebase-tools/issues.\nDev App Server is now running.\n\n"}}
[info] ✔  firestore: Firestore Emulator was started in standard edition. {"metadata":{"emulator":{"name":"firestore"},"message":"Firestore Emulator was started in standard edition."}}
[info] ✔  firestore: Firestore Emulator UI websocket is running on 9150. {"metadata":{"emulator":{"name":"firestore"},"message":"Firestore Emulator UI websocket is running on 9150."}}
[debug] [2026-10-06T15:42:05.922Z] Oct 06, 2026 3:41:55 PM io.gapi.emulators.netty.HttpVersionRoutingHandler channelRead
INFO: Detected non-HTTP/2 connection.
Oct 06, 2026 3:41:56 PM io.gapi.emulators.netty.HttpVersionRoutingHandler channelRead
INFO: Detected non-HTTP/2 connection.
Oct 06, 2026 3:41:56 PM io.gapi.emulators.netty.HttpVersionRoutingHandler channelRead
INFO: Detected non-HTTP/2 connection.
Oct 06, 2026 3:41:57 PM io.gapi.emulators.netty.HttpVersionRoutingHandler channelRead
INFO: Detected non-HTTP/2 connection.
Oct 06, 2026 3:41:58 PM io.gapi.emulators.netty.HttpVersionRoutingHandler channelRead
INFO: Detected non-HTTP/2 connection.
Oct 06, 2026 3:41:59 PM io.gapi.emulators.netty.HttpVersionRoutingHandler channelRead
INFO: Detected non-HTTP/2 connection.
Oct 06, 2026 3:42:00 PM io.gapi.emulators.netty.HttpVersionRoutingHandler channelRead
INFO: Detected non-HTTP/2 connection.
Oct 06, 2026 3:42:01 PM io.gapi.emulators.netty.HttpVersionRoutingHandler channelRead
INFO: Detected non-HTTP/2 connection.
Oct 06, 2026 3:42:01 PM io.gapi.emulators.netty.HttpVersionRoutingHandler channelRead
INFO: Detected non-HTTP/2 connection.
Oct 06, 2026 3:42:01 PM io.gapi.emulators.netty.HttpVersionRoutingHandler channelRead
INFO: Detected HTTP/2 connection.
Oct 06, 2026 3:42:02 PM io.gapi.emulators.netty.HttpVersionRoutingHandler channelRead
INFO: Detected non-HTTP/2 connection.
Oct 06, 2026 3:42:03 PM io.gapi.emulators.netty.HttpVersionRoutingHandler channelRead
INFO: Detected non-HTTP/2 connection.
Oct 06, 2026 3:42:03 PM io.gapi.emulators.netty.HttpVersionRoutingHandler channelRead
INFO: Detected HTTP/2 connection.
Oct 06, 2026 3:42:03 PM io.gapi.emulators.netty.HttpVersionRoutingHandler channelRead
INFO: Detected non-HTTP/2 connection.
Oct 06, 2026 3:42:04 PM com.google.cloud.datastore.emulator.impl.util.WrappedStreamObserver onError
WARNING: Operation failed: 
false for 'create' @ L52, evaluation error at L55:24 for 'update' @ L55, false for 'create' @ L52
com.google.cloud.datastore.core.exception.DatastoreException: 
false for 'create' @ L52, evaluation error at L55:24 for 'update' @ L55, false for 'create' @ L52
	at com.google.cloud.datastore.core.exception.DatastoreException$Builder.build(DatastoreException.java:152)
	at com.google.cloud.datastore.emulator.impl.rules.DefaultEmulatorRulesAuthorizer.verboseError(DefaultEmulatorRulesAuthorizer.java:349)
	at com.google.cloud.datastore.emulator.impl.rules.DefaultEmulatorRulesAuthorizer.withVerboseErrors(DefaultEmulatorRulesAuthorizer.java:326)
	at com.google.cloud.datastore.emulator.impl.rules.DefaultEmulatorRulesAuthorizer.checkCommit(DefaultEmulatorRulesAuthorizer.java:113)
	at com.google.cloud.datastore.emulator.impl.firestore.FirestoreEmulatorHelper.commitHelper(FirestoreEmulatorHelper.java:407)
	at com.google.cloud.datastore.emulator.impl.firestore.FirestoreEmulatorHelper.internalCommit(FirestoreEmulatorHelper.java:348)
	at com.google.cloud.datastore.emulator.impl.firestore.CloudFirestoreV1.internalCommit(CloudFirestoreV1.java:1336)
	at com.google.cloud.datastore.emulator.impl.firestore.CloudFirestoreV1.write(CloudFirestoreV1.java:1321)
	at com.google.cloud.datastore.emulator.impl.firestore.CloudFirestoreV1WriteStream.handleRequest(CloudFirestoreV1WriteStream.java:222)
	at com.google.cloud.datastore.emulator.impl.firestore.CloudFirestoreV1WriteStream.write(CloudFirestoreV1WriteStream.java:144)
	at com.google.cloud.datastore.emulator.impl.firestore.CloudFirestoreV1WriteStream.onNext(CloudFirestoreV1WriteStream.java:99)
	at com.google.cloud.datastore.emulator.impl.firestore.CloudFirestoreV1WriteStream.onNext(CloudFirestoreV1WriteStream.java:27)
	at io.grpc.stub.ServerCalls$StreamingServerCallHandler$StreamingServerCallListener.onMessage(ServerCalls.java:262)
	at io.grpc.ForwardingServerCallListener.onMessage(ForwardingServerCallListener.java:33)
	at io.grpc.Contexts$ContextualizedServerCallListener.onMessage(Contexts.java:76)
	at io.grpc.ForwardingServerCallListener.onMessage(ForwardingServerCallListener.java:33)
	at io.grpc.Contexts$ContextualizedServerCallListener.onMessage(Contexts.java:76)
	at io.grpc.internal.ServerCallImpl$ServerStreamListenerImpl.messagesAvailableInternal(ServerCallImpl.java:334)
	at io.grpc.internal.ServerCallImpl$ServerStreamListenerImpl.messagesAvailable(ServerCallImpl.java:319)
	at io.grpc.internal.ServerImpl$JumpToApplicationThreadServerStreamListener$1MessagesAvailable.runInContext(ServerImpl.java:852)
	at io.grpc.internal.ContextRunnable.run(ContextRunnable.java:37)
	at io.grpc.internal.SerializingExecutor.run(SerializingExecutor.java:133)
	at java.base/java.util.concurrent.ThreadPoolExecutor.runWorker(ThreadPoolExecutor.java:1144)
	at java.base/java.util.concurrent.ThreadPoolExecutor$Worker.run(ThreadPoolExecutor.java:642)
	at java.base/java.lang.Thread.run(Thread.java:1583)

Oct 06, 2026 3:42:04 PM io.gapi.emulators.netty.HttpVersionRoutingHandler channelRead
INFO: Detected non-HTTP/2 connection.
Oct 06, 2026 3:42:05 PM io.gapi.emulators.netty.HttpVersionRoutingHandler channelRead
INFO: Detected non-HTTP/2 connection.
 {"metadata":{"emulator":{"name":"firestore"},"message":"Oct 06, 2026 3:41:55 PM io.gapi.emulators.netty.HttpVersionRoutingHandler channelRead\nINFO: Detected non-HTTP/2 connection.\nOct 06, 2026 3:41:56 PM io.gapi.emulators.netty.HttpVersionRoutingHandler channelRead\nINFO: Detected non-HTTP/2 connection.\nOct 06, 2026 3:41:56 PM io.gapi.emulators.netty.HttpVersionRoutingHandler channelRead\nINFO: Detected non-HTTP/2 connection.\nOct 06, 2026 3:41:57 PM io.gapi.emulators.netty.HttpVersionRoutingHandler channelRead\nINFO: Detected non-HTTP/2 connection.\nOct 06, 2026 3:41:58 PM io.gapi.emulators.netty.HttpVersionRoutingHandler channelRead\nINFO: Detected non-HTTP/2 connection.\nOct 06, 2026 3:41:59 PM io.gapi.emulators.netty.HttpVersionRoutingHandler channelRead\nINFO: Detected non-HTTP/2 connection.\nOct 06, 2026 3:42:00 PM io.gapi.emulators.netty.HttpVersionRoutingHandler channelRead\nINFO: Detected non-HTTP/2 connection.\nOct 06, 2026 3:42:01 PM io.gapi.emulators.netty.HttpVersionRoutingHandler channelRead\nINFO: Detected non-HTTP/2 connection.\nOct 06, 2026 3:42:01 PM io.gapi.emulators.netty.HttpVersionRoutingHandler channelRead\nINFO: Detected non-HTTP/2 connection.\nOct 06, 2026 3:42:01 PM io.gapi.emulators.netty.HttpVersionRoutingHandler channelRead\nINFO: Detected HTTP/2 connection.\nOct 06, 2026 3:42:02 PM io.gapi.emulators.netty.HttpVersionRoutingHandler channelRead\nINFO: Detected non-HTTP/2 connection.\nOct 06, 2026 3:42:03 PM io.gapi.emulators.netty.HttpVersionRoutingHandler channelRead\nINFO: Detected non-HTTP/2 connection.\nOct 06, 2026 3:42:03 PM io.gapi.emulators.netty.HttpVersionRoutingHandler channelRead\nINFO: Detected HTTP/2 connection.\nOct 06, 2026 3:42:03 PM io.gapi.emulators.netty.HttpVersionRoutingHandler channelRead\nINFO: Detected non-HTTP/2 connection.\nOct 06, 2026 3:42:04 PM com.google.cloud.datastore.emulator.impl.util.WrappedStreamObserver onError\nWARNING: Operation failed: \nfalse for 'create' @ L52, evaluation error at L55:24 for 'update' @ L55, false for 'create' @ L52\ncom.google.cloud.datastore.core.exception.DatastoreException: \nfalse for 'create' @ L52, evaluation error at L55:24 for 'update' @ L55, false for 'create' @ L52\n\tat com.google.cloud.datastore.core.exception.DatastoreException$Builder.build(DatastoreException.java:152)\n\tat com.google.cloud.datastore.emulator.impl.rules.DefaultEmulatorRulesAuthorizer.verboseError(DefaultEmulatorRulesAuthorizer.java:349)\n\tat com.google.cloud.datastore.emulator.impl.rules.DefaultEmulatorRulesAuthorizer.withVerboseErrors(DefaultEmulatorRulesAuthorizer.java:326)\n\tat com.google.cloud.datastore.emulator.impl.rules.DefaultEmulatorRulesAuthorizer.checkCommit(DefaultEmulatorRulesAuthorizer.java:113)\n\tat com.google.cloud.datastore.emulator.impl.firestore.FirestoreEmulatorHelper.commitHelper(FirestoreEmulatorHelper.java:407)\n\tat com.google.cloud.datastore.emulator.impl.firestore.FirestoreEmulatorHelper.internalCommit(FirestoreEmulatorHelper.java:348)\n\tat com.google.cloud.datastore.emulator.impl.firestore.CloudFirestoreV1.internalCommit(CloudFirestoreV1.java:1336)\n\tat com.google.cloud.datastore.emulator.impl.firestore.CloudFirestoreV1.write(CloudFirestoreV1.java:1321)\n\tat com.google.cloud.datastore.emulator.impl.firestore.CloudFirestoreV1WriteStream.handleRequest(CloudFirestoreV1WriteStream.java:222)\n\tat com.google.cloud.datastore.emulator.impl.firestore.CloudFirestoreV1WriteStream.write(CloudFirestoreV1WriteStream.java:144)\n\tat com.google.cloud.datastore.emulator.impl.firestore.CloudFirestoreV1WriteStream.onNext(CloudFirestoreV1WriteStream.java:99)\n\tat com.google.cloud.datastore.emulator.impl.firestore.CloudFirestoreV1WriteStream.onNext(CloudFirestoreV1WriteStream.java:27)\n\tat io.grpc.stub.ServerCalls$StreamingServerCallHandler$StreamingServerCallListener.onMessage(ServerCalls.java:262)\n\tat io.grpc.ForwardingServerCallListener.onMessage(ForwardingServerCallListener.java:33)\n\tat io.grpc.Contexts$ContextualizedServerCallListener.onMessage(Contexts.java:76)\n\tat io.grpc.ForwardingServerCallListener.onMessage(ForwardingServerCallListener.java:33)\n\tat io.grpc.Contexts$ContextualizedServerCallListener.onMessage(Contexts.java:76)\n\tat io.grpc.internal.ServerCallImpl$ServerStreamListenerImpl.messagesAvailableInternal(ServerCallImpl.java:334)\n\tat io.grpc.internal.ServerCallImpl$ServerStreamListenerImpl.messagesAvailable(ServerCallImpl.java:319)\n\tat io.grpc.internal.ServerImpl$JumpToApplicationThreadServerStreamListener$1MessagesAvailable.runInContext(ServerImpl.java:852)\n\tat io.grpc.internal.ContextRunnable.run(ContextRunnable.java:37)\n\tat io.grpc.internal.SerializingExecutor.run(SerializingExecutor.java:133)\n\tat java.base/java.util.concurrent.ThreadPoolExecutor.runWorker(ThreadPoolExecutor.java:1144)\n\tat java.base/java.util.concurrent.ThreadPoolExecutor$Worker.run(ThreadPoolExecutor.java:642)\n\tat java.base/java.lang.Thread.run(Thread.java:1583)\n\nOct 06, 2026 3:42:04 PM io.gapi.emulators.netty.HttpVersionRoutingHandler channelRead\nINFO: Detected non-HTTP/2 connection.\nOct 06, 2026 3:42:05 PM io.gapi.emulators.netty.HttpVersionRoutingHandler channelRead\nINFO: Detected non-HTTP/2 connection.\n"}}
[info] i  ui: downloading ui-v1.15.0.zip... {"metadata":{"emulator":{"name":"ui"},"message":"downloading ui-v1.15.0.zip..."}}
[debug] [2026-10-06T15:42:05.935Z] >>> [apiv2][query] GET https://storage.googleapis.com/firebase-preview-drop/emulator/ui-v1.15.0.zip 
[debug] [2026-10-06T15:42:05.970Z] <<< [apiv2][status] GET https://storage.googleapis.com/firebase-preview-drop/emulator/ui-v1.15.0.zip 200
[debug] [2026-10-06T15:42:05.970Z] <<< [apiv2][body] GET https://storage.googleapis.com/firebase-preview-drop/emulator/ui-v1.15.0.zip [stream]
[debug] [2026-10-06T15:42:05.974Z] Oct 06, 2026 3:42:05 PM io.gapi.emulators.netty.HttpVersionRoutingHandler channelRead
INFO: Detected non-HTTP/2 connection.
 {"metadata":{"emulator":{"name":"firestore"},"message":"Oct 06, 2026 3:42:05 PM io.gapi.emulators.netty.HttpVersionRoutingHandler channelRead\nINFO: Detected non-HTTP/2 connection.\n"}}
[debug] [2026-10-06T15:42:06.116Z] Data is 3538469
[debug] [2026-10-06T15:42:06.116Z] [unzip] Entry: client/ (compressed_size=0 bytes, uncompressed_size=0 bytes)
[debug] [2026-10-06T15:42:06.117Z] [unzip] Processing entry: client/
[debug] [2026-10-06T15:42:06.117Z] [unzip] mkdir: /opt/firebase-emulators/ui-v1.15.0/client/
[debug] [2026-10-06T15:42:06.118Z] [unzip] Entry: client/favicon-16x16.png (compressed_size=293 bytes, uncompressed_size=293 bytes)
[debug] [2026-10-06T15:42:06.118Z] [unzip] Processing entry: client/favicon-16x16.png
[debug] [2026-10-06T15:42:06.118Z] [unzip] else mkdir: /opt/firebase-emulators/ui-v1.15.0/client
[debug] [2026-10-06T15:42:06.118Z] [unzip] Writing file: /opt/firebase-emulators/ui-v1.15.0/client/favicon-16x16.png
[debug] [2026-10-06T15:42:06.119Z] [unzip] Entry: client/safari-pinned-tab.svg (compressed_size=1433 bytes, uncompressed_size=2611 bytes)
[debug] [2026-10-06T15:42:06.119Z] [unzip] Processing entry: client/safari-pinned-tab.svg
[debug] [2026-10-06T15:42:06.119Z] [unzip] else mkdir: /opt/firebase-emulators/ui-v1.15.0/client
[debug] [2026-10-06T15:42:06.120Z] [unzip] deflating: /opt/firebase-emulators/ui-v1.15.0/client/safari-pinned-tab.svg
[debug] [2026-10-06T15:42:06.125Z] [unzip] Entry: client/favicon.ico (compressed_size=2933 bytes, uncompressed_size=13294 bytes)
[debug] [2026-10-06T15:42:06.125Z] [unzip] Processing entry: client/favicon.ico
[debug] [2026-10-06T15:42:06.125Z] [unzip] else mkdir: /opt/firebase-emulators/ui-v1.15.0/client
[debug] [2026-10-06T15:42:06.126Z] [unzip] deflating: /opt/firebase-emulators/ui-v1.15.0/client/favicon.ico
[debug] [2026-10-06T15:42:06.127Z] [unzip] Entry: client/index.html (compressed_size=1364 bytes, uncompressed_size=3071 bytes)
[debug] [2026-10-06T15:42:06.127Z] [unzip] Processing entry: client/index.html
[debug] [2026-10-06T15:42:06.128Z] [unzip] else mkdir: /opt/firebase-emulators/ui-v1.15.0/client
[debug] [2026-10-06T15:42:06.128Z] [unzip] deflating: /opt/firebase-emulators/ui-v1.15.0/client/index.html
[debug] [2026-10-06T15:42:06.129Z] [unzip] Entry: client/android-chrome-192x192.png (compressed_size=2684 bytes, uncompressed_size=2684 bytes)
[debug] [2026-10-06T15:42:06.129Z] [unzip] Processing entry: client/android-chrome-192x192.png
[debug] [2026-10-06T15:42:06.129Z] [unzip] else mkdir: /opt/firebase-emulators/ui-v1.15.0/client
[debug] [2026-10-06T15:42:06.130Z] [unzip] Writing file: /opt/firebase-emulators/ui-v1.15.0/client/android-chrome-192x192.png
[debug] [2026-10-06T15:42:06.130Z] [unzip] Entry: client/apple-touch-icon.png (compressed_size=2123 bytes, uncompressed_size=2152 bytes)
[debug] [2026-10-06T15:42:06.130Z] [unzip] Processing entry: client/apple-touch-icon.png
[debug] [2026-10-06T15:42:06.130Z] [unzip] else mkdir: /opt/firebase-emulators/ui-v1.15.0/client
[debug] [2026-10-06T15:42:06.130Z] [unzip] deflating: /opt/firebase-emulators/ui-v1.15.0/client/apple-touch-icon.png
[debug] [2026-10-06T15:42:06.132Z] [unzip] Entry: client/android-chrome-512x512.png (compressed_size=5369 bytes, uncompressed_size=5411 bytes)
[debug] [2026-10-06T15:42:06.132Z] [unzip] Processing entry: client/android-chrome-512x512.png
[debug] [2026-10-06T15:42:06.132Z] [unzip] else mkdir: /opt/firebase-emulators/ui-v1.15.0/client
[debug] [2026-10-06T15:42:06.132Z] [unzip] deflating: /opt/firebase-emulators/ui-v1.15.0/client/android-chrome-512x512.png
[debug] [2026-10-06T15:42:06.134Z] [unzip] Entry: client/manifest.json (compressed_size=245 bytes, uncompressed_size=551 bytes)
[debug] [2026-10-06T15:42:06.134Z] [unzip] Processing entry: client/manifest.json
[debug] [2026-10-06T15:42:06.134Z] [unzip] else mkdir: /opt/firebase-emulators/ui-v1.15.0/client
[debug] [2026-10-06T15:42:06.135Z] [unzip] deflating: /opt/firebase-emulators/ui-v1.15.0/client/manifest.json
[debug] [2026-10-06T15:42:06.136Z] [unzip] Entry: client/robots.txt (compressed_size=26 bytes, uncompressed_size=26 bytes)
[debug] [2026-10-06T15:42:06.136Z] [unzip] Processing entry: client/robots.txt
[debug] [2026-10-06T15:42:06.136Z] [unzip] else mkdir: /opt/firebase-emulators/ui-v1.15.0/client
[debug] [2026-10-06T15:42:06.137Z] [unzip] Writing file: /opt/firebase-emulators/ui-v1.15.0/client/robots.txt
[debug] [2026-10-06T15:42:06.137Z] [unzip] Entry: client/mstile-150x150.png (compressed_size=2034 bytes, uncompressed_size=2034 bytes)
[debug] [2026-10-06T15:42:06.137Z] [unzip] Processing entry: client/mstile-150x150.png
[debug] [2026-10-06T15:42:06.137Z] [unzip] else mkdir: /opt/firebase-emulators/ui-v1.15.0/client
[debug] [2026-10-06T15:42:06.138Z] [unzip] Writing file: /opt/firebase-emulators/ui-v1.15.0/client/mstile-150x150.png
[debug] [2026-10-06T15:42:06.138Z] [unzip] Entry: client/assets/ (compressed_size=0 bytes, uncompressed_size=0 bytes)
[debug] [2026-10-06T15:42:06.138Z] [unzip] Processing entry: client/assets/
[debug] [2026-10-06T15:42:06.138Z] [unzip] mkdir: /opt/firebase-emulators/ui-v1.15.0/client/assets/
[debug] [2026-10-06T15:42:06.139Z] [unzip] Entry: client/assets/index-BX-A56oj.js (compressed_size=582089 bytes, uncompressed_size=2092775 bytes)
[debug] [2026-10-06T15:42:06.139Z] [unzip] Processing entry: client/assets/index-BX-A56oj.js
[debug] [2026-10-06T15:42:06.139Z] [unzip] else mkdir: /opt/firebase-emulators/ui-v1.15.0/client/assets
[debug] [2026-10-06T15:42:06.139Z] [unzip] deflating: /opt/firebase-emulators/ui-v1.15.0/client/assets/index-BX-A56oj.js
[debug] [2026-10-06T15:42:06.171Z] [unzip] Entry: client/assets/index-CjB9C900.css (compressed_size=35979 bytes, uncompressed_size=298654 bytes)
[debug] [2026-10-06T15:42:06.171Z] [unzip] Processing entry: client/assets/index-CjB9C900.css
[debug] [2026-10-06T15:42:06.171Z] [unzip] else mkdir: /opt/firebase-emulators/ui-v1.15.0/client/assets
[debug] [2026-10-06T15:42:06.171Z] [unzip] deflating: /opt/firebase-emulators/ui-v1.15.0/client/assets/index-CjB9C900.css
[debug] [2026-10-06T15:42:06.175Z] [unzip] Entry: client/assets/index-BX-A56oj.js.map (compressed_size=2362482 bytes, uncompressed_size=10036679 bytes)
[debug] [2026-10-06T15:42:06.175Z] [unzip] Processing entry: client/assets/index-BX-A56oj.js.map
[debug] [2026-10-06T15:42:06.175Z] [unzip] else mkdir: /opt/firebase-emulators/ui-v1.15.0/client/assets
[debug] [2026-10-06T15:42:06.176Z] [unzip] deflating: /opt/firebase-emulators/ui-v1.15.0/client/assets/index-BX-A56oj.js.map
[debug] [2026-10-06T15:42:06.339Z] [unzip] Entry: client/assets/extensions/ (compressed_size=0 bytes, uncompressed_size=0 bytes)
[debug] [2026-10-06T15:42:06.339Z] [unzip] Processing entry: client/assets/extensions/
[debug] [2026-10-06T15:42:06.339Z] [unzip] mkdir: /opt/firebase-emulators/ui-v1.15.0/client/assets/extensions/
[debug] [2026-10-06T15:42:06.339Z] [unzip] Entry: client/assets/extensions/default-extension.png (compressed_size=1646 bytes, uncompressed_size=1657 bytes)
[debug] [2026-10-06T15:42:06.339Z] [unzip] Processing entry: client/assets/extensions/default-extension.png
[debug] [2026-10-06T15:42:06.339Z] [unzip] else mkdir: /opt/firebase-emulators/ui-v1.15.0/client/assets/extensions
[debug] [2026-10-06T15:42:06.340Z] [unzip] deflating: /opt/firebase-emulators/ui-v1.15.0/client/assets/extensions/default-extension.png
[debug] [2026-10-06T15:42:06.341Z] [unzip] Entry: client/assets/img/ (compressed_size=0 bytes, uncompressed_size=0 bytes)
[debug] [2026-10-06T15:42:06.342Z] [unzip] Processing entry: client/assets/img/
[debug] [2026-10-06T15:42:06.342Z] [unzip] mkdir: /opt/firebase-emulators/ui-v1.15.0/client/assets/img/
[debug] [2026-10-06T15:42:06.342Z] [unzip] Entry: client/assets/img/database.png (compressed_size=29449 bytes, uncompressed_size=29988 bytes)
[debug] [2026-10-06T15:42:06.342Z] [unzip] Processing entry: client/assets/img/database.png
[debug] [2026-10-06T15:42:06.342Z] [unzip] else mkdir: /opt/firebase-emulators/ui-v1.15.0/client/assets/img
[debug] [2026-10-06T15:42:06.343Z] [unzip] deflating: /opt/firebase-emulators/ui-v1.15.0/client/assets/img/database.png
[debug] [2026-10-06T15:42:06.344Z] [unzip] Entry: client/assets/provider-icons/ (compressed_size=0 bytes, uncompressed_size=0 bytes)
[debug] [2026-10-06T15:42:06.344Z] [unzip] Processing entry: client/assets/provider-icons/
[debug] [2026-10-06T15:42:06.344Z] [unzip] mkdir: /opt/firebase-emulators/ui-v1.15.0/client/assets/provider-icons/
[debug] [2026-10-06T15:42:06.344Z] [unzip] Entry: client/assets/provider-icons/auth_service_saml.svg (compressed_size=575 bytes, uncompressed_size=1226 bytes)
[debug] [2026-10-06T15:42:06.344Z] [unzip] Processing entry: client/assets/provider-icons/auth_service_saml.svg
[debug] [2026-10-06T15:42:06.344Z] [unzip] else mkdir: /opt/firebase-emulators/ui-v1.15.0/client/assets/provider-icons
[debug] [2026-10-06T15:42:06.344Z] [unzip] deflating: /opt/firebase-emulators/ui-v1.15.0/client/assets/provider-icons/auth_service_saml.svg
[debug] [2026-10-06T15:42:06.345Z] [unzip] Entry: client/assets/provider-icons/auth_service_phone.svg (compressed_size=261 bytes, uncompressed_size=414 bytes)
[debug] [2026-10-06T15:42:06.345Z] [unzip] Processing entry: client/assets/provider-icons/auth_service_phone.svg
[debug] [2026-10-06T15:42:06.345Z] [unzip] else mkdir: /opt/firebase-emulators/ui-v1.15.0/client/assets/provider-icons
[debug] [2026-10-06T15:42:06.346Z] [unzip] deflating: /opt/firebase-emulators/ui-v1.15.0/client/assets/provider-icons/auth_service_phone.svg
[debug] [2026-10-06T15:42:06.348Z] [unzip] Entry: client/assets/provider-icons/auth_service_facebook.svg (compressed_size=289 bytes, uncompressed_size=457 bytes)
[debug] [2026-10-06T15:42:06.348Z] [unzip] Processing entry: client/assets/provider-icons/auth_service_facebook.svg
[debug] [2026-10-06T15:42:06.348Z] [unzip] else mkdir: /opt/firebase-emulators/ui-v1.15.0/client/assets/provider-icons
[debug] [2026-10-06T15:42:06.349Z] [unzip] deflating: /opt/firebase-emulators/ui-v1.15.0/client/assets/provider-icons/auth_service_facebook.svg
[debug] [2026-10-06T15:42:06.350Z] [unzip] Entry: client/assets/provider-icons/auth_service_game_center.svg (compressed_size=991 bytes, uncompressed_size=3921 bytes)
[debug] [2026-10-06T15:42:06.350Z] [unzip] Processing entry: client/assets/provider-icons/auth_service_game_center.svg
[debug] [2026-10-06T15:42:06.350Z] [unzip] else mkdir: /opt/firebase-emulators/ui-v1.15.0/client/assets/provider-icons
[debug] [2026-10-06T15:42:06.350Z] [unzip] deflating: /opt/firebase-emulators/ui-v1.15.0/client/assets/provider-icons/auth_service_game_center.svg
[debug] [2026-10-06T15:42:06.351Z] [unzip] Entry: client/assets/provider-icons/auth_service_apple.svg (compressed_size=230 bytes, uncompressed_size=334 bytes)
[debug] [2026-10-06T15:42:06.352Z] [unzip] Processing entry: client/assets/provider-icons/auth_service_apple.svg
[debug] [2026-10-06T15:42:06.352Z] [unzip] else mkdir: /opt/firebase-emulators/ui-v1.15.0/client/assets/provider-icons
[debug] [2026-10-06T15:42:06.352Z] [unzip] deflating: /opt/firebase-emulators/ui-v1.15.0/client/assets/provider-icons/auth_service_apple.svg
[debug] [2026-10-06T15:42:06.353Z] [unzip] Entry: client/assets/provider-icons/auth_service_github.svg (compressed_size=466 bytes, uncompressed_size=838 bytes)
[debug] [2026-10-06T15:42:06.353Z] [unzip] Processing entry: client/assets/provider-icons/auth_service_github.svg
[debug] [2026-10-06T15:42:06.353Z] [unzip] else mkdir: /opt/firebase-emulators/ui-v1.15.0/client/assets/provider-icons
[debug] [2026-10-06T15:42:06.353Z] [unzip] deflating: /opt/firebase-emulators/ui-v1.15.0/client/assets/provider-icons/auth_service_github.svg
[debug] [2026-10-06T15:42:06.354Z] [unzip] Entry: client/assets/provider-icons/auth_service_mslive.svg (compressed_size=203 bytes, uncompressed_size=378 bytes)
[debug] [2026-10-06T15:42:06.354Z] [unzip] Processing entry: client/assets/provider-icons/auth_service_mslive.svg
[debug] [2026-10-06T15:42:06.354Z] [unzip] else mkdir: /opt/firebase-emulators/ui-v1.15.0/client/assets/provider-icons
[debug] [2026-10-06T15:42:06.355Z] [unzip] deflating: /opt/firebase-emulators/ui-v1.15.0/client/assets/provider-icons/auth_service_mslive.svg
[debug] [2026-10-06T15:42:06.356Z] [unzip] Entry: client/assets/provider-icons/auth_service_yahoo.svg (compressed_size=577 bytes, uncompressed_size=1182 bytes)
[debug] [2026-10-06T15:42:06.356Z] [unzip] Processing entry: client/assets/provider-icons/auth_service_yahoo.svg
[debug] [2026-10-06T15:42:06.356Z] [unzip] else mkdir: /opt/firebase-emulators/ui-v1.15.0/client/assets/provider-icons
[debug] [2026-10-06T15:42:06.356Z] [unzip] deflating: /opt/firebase-emulators/ui-v1.15.0/client/assets/provider-icons/auth_service_yahoo.svg
[debug] [2026-10-06T15:42:06.357Z] [unzip] Entry: client/assets/provider-icons/auth_service_twitter.svg (compressed_size=444 bytes, uncompressed_size=751 bytes)
[debug] [2026-10-06T15:42:06.358Z] [unzip] Processing entry: client/assets/provider-icons/auth_service_twitter.svg
[debug] [2026-10-06T15:42:06.358Z] [unzip] else mkdir: /opt/firebase-emulators/ui-v1.15.0/client/assets/provider-icons
[debug] [2026-10-06T15:42:06.358Z] [unzip] deflating: /opt/firebase-emulators/ui-v1.15.0/client/assets/provider-icons/auth_service_twitter.svg
[debug] [2026-10-06T15:42:06.359Z] [unzip] Entry: client/assets/provider-icons/auth_service_play_games.svg (compressed_size=565 bytes, uncompressed_size=1173 bytes)
[debug] [2026-10-06T15:42:06.359Z] [unzip] Processing entry: client/assets/provider-icons/auth_service_play_games.svg
[debug] [2026-10-06T15:42:06.359Z] [unzip] else mkdir: /opt/firebase-emulators/ui-v1.15.0/client/assets/provider-icons
[debug] [2026-10-06T15:42:06.359Z] [unzip] deflating: /opt/firebase-emulators/ui-v1.15.0/client/assets/provider-icons/auth_service_play_games.svg
[debug] [2026-10-06T15:42:06.360Z] [unzip] Entry: client/assets/provider-icons/auth_service_email.svg (compressed_size=228 bytes, uncompressed_size=326 bytes)
[debug] [2026-10-06T15:42:06.360Z] [unzip] Processing entry: client/assets/provider-icons/auth_service_email.svg
[debug] [2026-10-06T15:42:06.360Z] [unzip] else mkdir: /opt/firebase-emulators/ui-v1.15.0/client/assets/provider-icons
[debug] [2026-10-06T15:42:06.361Z] [unzip] deflating: /opt/firebase-emulators/ui-v1.15.0/client/assets/provider-icons/auth_service_email.svg
[debug] [2026-10-06T15:42:06.362Z] [unzip] Entry: client/assets/provider-icons/auth_service_google.svg (compressed_size=409 bytes, uncompressed_size=720 bytes)
[debug] [2026-10-06T15:42:06.362Z] [unzip] Processing entry: client/assets/provider-icons/auth_service_google.svg
[debug] [2026-10-06T15:42:06.362Z] [unzip] else mkdir: /opt/firebase-emulators/ui-v1.15.0/client/assets/provider-icons
[debug] [2026-10-06T15:42:06.362Z] [unzip] deflating: /opt/firebase-emulators/ui-v1.15.0/client/assets/provider-icons/auth_service_google.svg
[debug] [2026-10-06T15:42:06.363Z] [unzip] Entry: client/assets/provider-icons/auth_service_oidc.svg (compressed_size=414 bytes, uncompressed_size=858 bytes)
[debug] [2026-10-06T15:42:06.363Z] [unzip] Processing entry: client/assets/provider-icons/auth_service_oidc.svg
[debug] [2026-10-06T15:42:06.363Z] [unzip] else mkdir: /opt/firebase-emulators/ui-v1.15.0/client/assets/provider-icons
[debug] [2026-10-06T15:42:06.363Z] [unzip] deflating: /opt/firebase-emulators/ui-v1.15.0/client/assets/provider-icons/auth_service_oidc.svg
[debug] [2026-10-06T15:42:06.364Z] [unzip] Entry: client/browserconfig.xml (compressed_size=491 bytes, uncompressed_size=822 bytes)
[debug] [2026-10-06T15:42:06.364Z] [unzip] Processing entry: client/browserconfig.xml
[debug] [2026-10-06T15:42:06.364Z] [unzip] else mkdir: /opt/firebase-emulators/ui-v1.15.0/client
[debug] [2026-10-06T15:42:06.364Z] [unzip] deflating: /opt/firebase-emulators/ui-v1.15.0/client/browserconfig.xml
[debug] [2026-10-06T15:42:06.365Z] [unzip] Entry: client/favicon-32x32.png (compressed_size=475 bytes, uncompressed_size=475 bytes)
[debug] [2026-10-06T15:42:06.365Z] [unzip] Processing entry: client/favicon-32x32.png
[debug] [2026-10-06T15:42:06.365Z] [unzip] else mkdir: /opt/firebase-emulators/ui-v1.15.0/client
[debug] [2026-10-06T15:42:06.366Z] [unzip] Writing file: /opt/firebase-emulators/ui-v1.15.0/client/favicon-32x32.png
[debug] [2026-10-06T15:42:06.366Z] [unzip] Entry: server/ (compressed_size=0 bytes, uncompressed_size=0 bytes)
[debug] [2026-10-06T15:42:06.366Z] [unzip] Processing entry: server/
[debug] [2026-10-06T15:42:06.366Z] [unzip] mkdir: /opt/firebase-emulators/ui-v1.15.0/server/
[debug] [2026-10-06T15:42:06.367Z] [unzip] Entry: server/server.mjs.map (compressed_size=217845 bytes, uncompressed_size=944978 bytes)
[debug] [2026-10-06T15:42:06.367Z] [unzip] Processing entry: server/server.mjs.map
[debug] [2026-10-06T15:42:06.367Z] [unzip] else mkdir: /opt/firebase-emulators/ui-v1.15.0/server
[debug] [2026-10-06T15:42:06.367Z] [unzip] deflating: /opt/firebase-emulators/ui-v1.15.0/server/server.mjs.map
[debug] [2026-10-06T15:42:06.388Z] [unzip] Entry: server/server.mjs (compressed_size=276407 bytes, uncompressed_size=933701 bytes)
[debug] [2026-10-06T15:42:06.388Z] [unzip] Processing entry: server/server.mjs
[debug] [2026-10-06T15:42:06.388Z] [unzip] else mkdir: /opt/firebase-emulators/ui-v1.15.0/server
[debug] [2026-10-06T15:42:06.389Z] [unzip] deflating: /opt/firebase-emulators/ui-v1.15.0/server/server.mjs
[debug] [2026-10-06T15:42:06.416Z] Could not find VSCode notification endpoint: TypeError: fetch failed. If you are not running the Firebase SQL Connect VSCode extension, this is expected and not an issue.
[info] 
┌─────────────────────────────────────────────────────────────┐
│ ✔  All emulators ready! It is now safe to connect your app. │
│ i  View Emulator UI at http://127.0.0.1:4000/               │
└─────────────────────────────────────────────────────────────┘

┌────────────────┬────────────────┬─────────────────────────────────┐
│ Emulator       │ Host:Port      │ View in Emulator UI             │
├────────────────┼────────────────┼─────────────────────────────────┤
│ Authentication │ 127.0.0.1:9099 │ http://127.0.0.1:4000/auth      │
├────────────────┼────────────────┼─────────────────────────────────┤
│ Firestore      │ 127.0.0.1:8085 │ http://127.0.0.1:4000/firestore │
└────────────────┴────────────────┴─────────────────────────────────┘
  Emulator Hub host: 127.0.0.1 port: 4400
  Other reserved ports: 4500, 9150

Issues? Report them at https://github.com/firebase/firebase-tools/issues and attach the *-debug.log files.
 
[debug] [2026-10-06T15:47:56.037Z] Oct 06, 2026 3:47:56 PM io.gapi.emulators.netty.HttpVersionRoutingHandler channelRead
INFO: Detected HTTP/2 connection.
 {"metadata":{"emulator":{"name":"firestore"},"message":"Oct 06, 2026 3:47:56 PM io.gapi.emulators.netty.HttpVersionRoutingHandler channelRead\nINFO: Detected HTTP/2 connection.\n"}}
[debug] [2026-10-06T15:47:59.327Z] Oct 06, 2026 3:47:59 PM com.google.cloud.datastore.emulator.impl.util.WrappedStreamObserver onError
WARNING: Operation failed: 
false for 'create' @ L52, evaluation error at L55:24 for 'update' @ L55, false for 'create' @ L52
com.google.cloud.datastore.core.exception.DatastoreException: 
false for 'create' @ L52, evaluation error at L55:24 for 'update' @ L55, false for 'create' @ L52
	at com.google.cloud.datastore.core.exception.DatastoreException$Builder.build(DatastoreException.java:152)
	at com.google.cloud.datastore.emulator.impl.rules.DefaultEmulatorRulesAuthorizer.verboseError(DefaultEmulatorRulesAuthorizer.java:349)
	at com.google.cloud.datastore.emulator.impl.rules.DefaultEmulatorRulesAuthorizer.withVerboseErrors(DefaultEmulatorRulesAuthorizer.java:326)
	at com.google.cloud.datastore.emulator.impl.rules.DefaultEmulatorRulesAuthorizer.checkCommit(DefaultEmulatorRulesAuthorizer.java:113)
	at com.google.cloud.datastore.emulator.impl.firestore.FirestoreEmulatorHelper.commitHelper(FirestoreEmulatorHelper.java:407)
	at com.google.cloud.datastore.emulator.impl.firestore.FirestoreEmulatorHelper.internalCommit(FirestoreEmulatorHelper.java:348)
	at com.google.cloud.datastore.emulator.impl.firestore.CloudFirestoreV1.internalCommit(CloudFirestoreV1.java:1336)
	at com.google.cloud.datastore.emulator.impl.firestore.CloudFirestoreV1.write(CloudFirestoreV1.java:1321)
	at com.google.cloud.datastore.emulator.impl.firestore.CloudFirestoreV1WriteStream.handleRequest(CloudFirestoreV1WriteStream.java:222)
	at com.google.cloud.datastore.emulator.impl.firestore.CloudFirestoreV1WriteStream.write(CloudFirestoreV1WriteStream.java:144)
	at com.google.cloud.datastore.emulator.impl.firestore.CloudFirestoreV1WriteStream.onNext(CloudFirestoreV1WriteStream.java:99)
	at com.google.cloud.datastore.emulator.impl.firestore.CloudFirestoreV1WriteStream.onNext(CloudFirestoreV1WriteStream.java:27)
	at io.grpc.stub.ServerCalls$StreamingServerCallHandler$StreamingServerCallListener.onMessage(ServerCalls.java:262)
	at io.grpc.ForwardingServerCallListener.onMessage(ForwardingServerCallListener.java:33)
	at io.grpc.Contexts$ContextualizedServerCallListener.onMessage(Contexts.java:76)
	at io.grpc.ForwardingServerCallListener.onMessage(ForwardingServerCallListener.java:33)
	at io.grpc.Contexts$ContextualizedServerCallListener.onMessage(Contexts.java:76)
	at io.grpc.internal.ServerCallImpl$ServerStreamListenerImpl.messagesAvailableInternal(ServerCallImpl.java:334)
	at io.grpc.internal.ServerCallImpl$ServerStreamListenerImpl.messagesAvailable(ServerCallImpl.java:319)
	at io.grpc.internal.ServerImpl$JumpToApplicationThreadServerStreamListener$1MessagesAvailable.runInContext(ServerImpl.java:852)
	at io.grpc.internal.ContextRunnable.run(ContextRunnable.java:37)
	at io.grpc.internal.SerializingExecutor.run(SerializingExecutor.java:133)
	at java.base/java.util.concurrent.ThreadPoolExecutor.runWorker(ThreadPoolExecutor.java:1144)
	at java.base/java.util.concurrent.ThreadPoolExecutor$Worker.run(ThreadPoolExecutor.java:642)
	at java.base/java.lang.Thread.run(Thread.java:1583)

 {"metadata":{"emulator":{"name":"firestore"},"message":"Oct 06, 2026 3:47:59 PM com.google.cloud.datastore.emulator.impl.util.WrappedStreamObserver onError\nWARNING: Operation failed: \nfalse for 'create' @ L52, evaluation error at L55:24 for 'update' @ L55, false for 'create' @ L52\ncom.google.cloud.datastore.core.exception.DatastoreException: \nfalse for 'create' @ L52, evaluation error at L55:24 for 'update' @ L55, false for 'create' @ L52\n\tat com.google.cloud.datastore.core.exception.DatastoreException$Builder.build(DatastoreException.java:152)\n\tat com.google.cloud.datastore.emulator.impl.rules.DefaultEmulatorRulesAuthorizer.verboseError(DefaultEmulatorRulesAuthorizer.java:349)\n\tat com.google.cloud.datastore.emulator.impl.rules.DefaultEmulatorRulesAuthorizer.withVerboseErrors(DefaultEmulatorRulesAuthorizer.java:326)\n\tat com.google.cloud.datastore.emulator.impl.rules.DefaultEmulatorRulesAuthorizer.checkCommit(DefaultEmulatorRulesAuthorizer.java:113)\n\tat com.google.cloud.datastore.emulator.impl.firestore.FirestoreEmulatorHelper.commitHelper(FirestoreEmulatorHelper.java:407)\n\tat com.google.cloud.datastore.emulator.impl.firestore.FirestoreEmulatorHelper.internalCommit(FirestoreEmulatorHelper.java:348)\n\tat com.google.cloud.datastore.emulator.impl.firestore.CloudFirestoreV1.internalCommit(CloudFirestoreV1.java:1336)\n\tat com.google.cloud.datastore.emulator.impl.firestore.CloudFirestoreV1.write(CloudFirestoreV1.java:1321)\n\tat com.google.cloud.datastore.emulator.impl.firestore.CloudFirestoreV1WriteStream.handleRequest(CloudFirestoreV1WriteStream.java:222)\n\tat com.google.cloud.datastore.emulator.impl.firestore.CloudFirestoreV1WriteStream.write(CloudFirestoreV1WriteStream.java:144)\n\tat com.google.cloud.datastore.emulator.impl.firestore.CloudFirestoreV1WriteStream.onNext(CloudFirestoreV1WriteStream.java:99)\n\tat com.google.cloud.datastore.emulator.impl.firestore.CloudFirestoreV1WriteStream.onNext(CloudFirestoreV1WriteStream.java:27)\n\tat io.grpc.stub.ServerCalls$StreamingServerCallHandler$StreamingServerCallListener.onMessage(ServerCalls.java:262)\n\tat io.grpc.ForwardingServerCallListener.onMessage(ForwardingServerCallListener.java:33)\n\tat io.grpc.Contexts$ContextualizedServerCallListener.onMessage(Contexts.java:76)\n\tat io.grpc.ForwardingServerCallListener.onMessage(ForwardingServerCallListener.java:33)\n\tat io.grpc.Contexts$ContextualizedServerCallListener.onMessage(Contexts.java:76)\n\tat io.grpc.internal.ServerCallImpl$ServerStreamListenerImpl.messagesAvailableInternal(ServerCallImpl.java:334)\n\tat io.grpc.internal.ServerCallImpl$ServerStreamListenerImpl.messagesAvailable(ServerCallImpl.java:319)\n\tat io.grpc.internal.ServerImpl$JumpToApplicationThreadServerStreamListener$1MessagesAvailable.runInContext(ServerImpl.java:852)\n\tat io.grpc.internal.ContextRunnable.run(ContextRunnable.java:37)\n\tat io.grpc.internal.SerializingExecutor.run(SerializingExecutor.java:133)\n\tat java.base/java.util.concurrent.ThreadPoolExecutor.runWorker(ThreadPoolExecutor.java:1144)\n\tat java.base/java.util.concurrent.ThreadPoolExecutor$Worker.run(ThreadPoolExecutor.java:642)\n\tat java.base/java.lang.Thread.run(Thread.java:1583)\n\n"}}
[debug] [2026-10-06T15:56:36.389Z] Oct 06, 2026 3:56:36 PM io.gapi.emulators.netty.HttpVersionRoutingHandler channelRead
INFO: Detected non-HTTP/2 connection.
 {"metadata":{"emulator":{"name":"firestore"},"message":"Oct 06, 2026 3:56:36 PM io.gapi.emulators.netty.HttpVersionRoutingHandler channelRead\nINFO: Detected non-HTTP/2 connection.\n"}}
